  LicenseServer.cpp
D:\vcpkg\installed\x64-windows\include\httplib.h(1,1): warning C4819: 该文件包含不能在当前代码页(936)中表示的字符。请将该文件保存为 Unicode 格式以防止数据丢失
  (编译源文件“LicenseServer.cpp”)
  
D:\vcpkg\installed\x64-windows\include\httplib.h(994,1): warning C4819: 该文件包含不能在当前代码页(936)中表示的字符。请将该文件保存为 Unicode 格式以防止数据丢失
  (编译源文件“LicenseServer.cpp”)
  
D:\vcpkg\installed\x64-windows\include\httplib.h(6745,1): warning C4819: 该文件包含不能在当前代码页(936)中表示的字符。请将该文件保存为 Unicode 格式以防止数据丢失
  (编译源文件“LicenseServer.cpp”)
  
D:\vcpkg\installed\x64-windows\include\httplib.h(11065,1): warning C4819: 该文件包含不能在当前代码页(936)中表示的字符。请将该文件保存为 Unicode 格式以防止数据丢失
  (编译源文件“LicenseServer.cpp”)
  
D:\vcpkg\installed\x64-windows\include\httplib.h(13594,1): warning C4819: 该文件包含不能在当前代码页(936)中表示的字符。请将该文件保存为 Unicode 格式以防止数据丢失
  (编译源文件“LicenseServer.cpp”)
  
D:\vcpkg\installed\x64-windows\include\httplib.h(14435,1): warning C4819: 该文件包含不能在当前代码页(936)中表示的字符。请将该文件保存为 Unicode 格式以防止数据丢失
  (编译源文件“LicenseServer.cpp”)
  
D:\vcpkg\installed\x64-windows\include\httplib.h(19172,1): warning C4819: 该文件包含不能在当前代码页(936)中表示的字符。请将该文件保存为 Unicode 格式以防止数据丢失
  (编译源文件“LicenseServer.cpp”)
  
D:\C++\Tools\AegisNT\LicenseServer\LicenseServer.cpp(105,61): warning C4267: “参数”: 从“size_t”转换到“int”，可能丢失数据
D:\C++\Tools\AegisNT\LicenseServer\LicenseServer.cpp(148,61): warning C4267: “参数”: 从“size_t”转换到“int”，可能丢失数据
D:\C++\Tools\AegisNT\LicenseServer\LicenseServer.cpp(178,62): warning C4267: “参数”: 从“size_t”转换到“int”，可能丢失数据
D:\C++\Tools\AegisNT\LicenseServer\LicenseServer.cpp(207,62): warning C4267: “参数”: 从“size_t”转换到“int”，可能丢失数据
  正在生成代码
  0 of 7718 functions ( 0.0%) were compiled, the rest were copied from previous compilation.
    0 functions were new in current compilation
    0 functions had inline decision re-evaluated but remain unchanged
  已完成代码的生成
  LicenseServer.vcxproj -> D:\C++\Tools\AegisNT\x64\Release\LicenseServer.exe
